../Core/Src/main.c:104:5:_write	24	static
../Core/Src/main.c:134:5:main	8	static
../Core/Src/main.c:212:6:SystemClock_Config	88	static
../Core/Src/main.c:259:13:MX_TIM2_Init	56	static
../Core/Src/main.c:311:13:MX_TIM3_Init	56	static
../Core/Src/main.c:360:13:MX_TIM4_Init	56	static
../Core/Src/main.c:409:13:MX_TIM5_Init	64	static
../Core/Src/main.c:472:13:MX_USART1_UART_Init	8	static
../Core/Src/main.c:505:13:MX_GPIO_Init	48	static
../Core/Src/main.c:532:6:HAL_TIM_PeriodElapsedCallback	32	static
../Core/Src/main.c:625:6:A_MotorClockWise	8	static
../Core/Src/main.c:634:6:A_MotorCounterClockWise	8	static
../Core/Src/main.c:644:6:A_MotorStop	8	static
../Core/Src/main.c:650:6:B_MotorClockWise	8	static
../Core/Src/main.c:659:6:B_MotorCounterClockWise	8	static
../Core/Src/main.c:669:6:B_MotorStop	8	static
../Core/Src/main.c:679:6:Error_Handler	4	static,ignoring_inline_asm
