../Core/Src/main.c:104:5:_write	24	static
../Core/Src/main.c:134:5:main	8	static
../Core/Src/main.c:211:6:SystemClock_Config	88	static
../Core/Src/main.c:258:13:MX_TIM2_Init	56	static
../Core/Src/main.c:310:13:MX_TIM3_Init	56	static
../Core/Src/main.c:359:13:MX_TIM4_Init	56	static
../Core/Src/main.c:408:13:MX_TIM5_Init	64	static
../Core/Src/main.c:471:13:MX_USART1_UART_Init	8	static
../Core/Src/main.c:504:13:MX_GPIO_Init	48	static
../Core/Src/main.c:531:6:HAL_TIM_PeriodElapsedCallback	32	static
../Core/Src/main.c:627:6:A_MotorClockWise	8	static
../Core/Src/main.c:636:6:A_MotorCounterClockWise	8	static
../Core/Src/main.c:646:6:A_MotorStop	8	static
../Core/Src/main.c:652:6:B_MotorClockWise	8	static
../Core/Src/main.c:661:6:B_MotorCounterClockWise	8	static
../Core/Src/main.c:671:6:B_MotorStop	8	static
../Core/Src/main.c:681:6:Error_Handler	4	static,ignoring_inline_asm
